[amywang.framer.website/index.html]
[backblue.gif]
[fade.gif]
[index.html]
[framerusercontent.com/images/Qv6BwdTzuD2Ob7wxVCCbwC4q7uY.png]
[framerusercontent.com/images/bxQlz0k55yCZGBXGj658jliDpbQfbff.png]
[amywang.framer.website/about.html]
[amywang.framer.website/play.html]
[framerusercontent.com/images/dGhcZFjRziaj04gTz5MbNx2tz8f483.png]
[framerusercontent.com/images/kJsjsxVGhEoj1gp7bwtUm2GqEcf483.png]
[framerusercontent.com/images/EsmxDigNnurr7eC1WyDVF5VTQbd0f.png]
[amywang.framer.website/relish-case-study.html]
[framerusercontent.com/images/mSa4na7hDHl6BdA8yGq71qFDV5Ee6c9.png]
[framerusercontent.com/images/be1v3VBzgTdx88AFSWUlxdJH7Mg01a7.png]
[framerusercontent.com/images/w4t4Qf70UtmQq1JvsQgyYKv7dEgf08f.png]
[framerusercontent.com/images/wJQ5TrJBZPKRBIeEPxZxBkFy8f483.png]
[framerusercontent.com/images/3O65OtiKG4ofSqq4VPhOkde8zYf483.png]
[amywang.framer.website/index.html]
[framerusercontent.com/images/BwaV8lA6wpgATY0TtBjMrgEYUYf483.png]
[framerusercontent.com/images/r4ANhF74oMXttETwUs9FiWW0j4394f.jpg]
[framerusercontent.com/images/Wa0D2M3SmhYGuOhWFhqtE4mjwe45b.jpg]
[framerusercontent.com/images/Z1TbRPWmlxgmUzZAjTeE808ZRs2a75.jpg]
[framerusercontent.com/images/aoAf0lJz9WPJNHWprwW373DoyY3b7b.jpg]
[framerusercontent.com/images/Qcyv2DzODRTD8Xotkbc0yxpgJA3b7b.jpg]
[framerusercontent.com/images/Ycya9turAzdKn0SdiHSzqXz8Y3s7eae.jpg]
[framerusercontent.com/images/sdxPEemH50mXa1x648VaERpxs3b7b.jpg]
[framerusercontent.com/images/yugkJDrwY5eSJryzxVtkGRSS128e45b.jpg]
[framerusercontent.com/images/MEvKspb05HMkKNv4qA1xbCMEY4d39.jpg]
[amywang.framer.website/about.html]
[framerusercontent.com/images/Er1uhKCdd8JXt95htWfvUK28meMe2d7.jpg]
[framerusercontent.com/images/Uf1eRHjHQmTuBP06akFHs0mZ8b06f.png]
[framerusercontent.com/images/DIP5occlKfnFyZ8CwyIXlRNR4Boac49.jpg]
[framerusercontent.com/images/2mrqAuUwfby3LzAIt19hp8uBlp8749e.jpg]
[framerusercontent.com/images/QU6xMXdaetNiNaJspSOUgosa1a6.jpg]
[framerusercontent.com/images/F6674B4HELlupAtBfCvLvkSjSsd4f7.jpg]
[amywang.framer.website/play.html]
[framerusercontent.com/images/wRYxKSCTVRcRKpbgXhDs4GNMR10af6b.png]
[framerusercontent.com/images/9PyKEjJLYlmQkRdCAQVCrfyHsUaf6b.png]
[framerusercontent.com/images/BIkAZMmKItnDNyC2Nn6IDygLXEaf6b.png]
[framerusercontent.com/images/G9AmYELGtwjzCea4ghe1oLijoaf6b.png]
[framerusercontent.com/images/pLzIDFqwk2yy9LANY3gVZCkmPiUaf6b.png]
[framerusercontent.com/images/NZNNt5llzQXFglL9HmzyDEgdsoaf6b.png]
[framerusercontent.com/images/gLLWkGTZ7NnT4J9Tnna8bdKg4k06931.jpg]
[framerusercontent.com/images/jsyk55YjExK7cDmbWoKrgM01KI6931.jpg]
[framerusercontent.com/images/jKQ5YOHb4IIYqpFe08neXGkWqlc6931.jpg]
[framerusercontent.com/images/GnMr3OmnkIL96BV1MP824vXhg6931.jpg]
[framerusercontent.com/images/PsCstW3WWWKllxAACLVv83YvNYk85ff.png]
[framerusercontent.com/images/dItoB6gSrLEnQsj3cjI60fwMg0gaf5b.png]
[framerusercontent.com/images/PEzoqNuqyYuvQ4P0xeeUiJfzkecbe.png]
[framerusercontent.com/images/F0HmofmLGUZzprrmvTg5l9JqMJ03395.png]
[framerusercontent.com/images/6A9QflSDDMzSqPxulPsX5vMSU8Aa2a8.png]
[framerusercontent.com/images/CpEbIPmv4uRgJgI9EtWRKu8wLw7820.png]
[framerusercontent.com/images/SsDOTOpEIETosdRV6rm6qwl3rdUd767.png]
[framerusercontent.com/images/fRUTuQOeL3Nm3hiNRR02xqNAPM7820.png]
[framerusercontent.com/images/R3PLZ7A2rBuTLH01AA2kJ6sb4gc2f6.png]
[framerusercontent.com/images/TmA7Z4KIZue7eU8IDuoQyBtgoY7820.png]
[framerusercontent.com/images/wVdHAdV4MjMRKMqSLQup2aYZ7U66f5.png]
[framerusercontent.com/images/d798JAP0IpjRN6GM0OUKhsrUtn02475.png]
[amywang.framer.website/relish-case-study.html]
